<?xml version="1.0" encoding="utf-8"?><testsuites name="pytest tests"><testsuite name="pytest" errors="0" failures="1" skipped="0" tests="47" time="649.555" timestamp="2025-11-06T21:28:09.652590+00:00" hostname="64d54f5cbc7f"><testcase classname="tests.generated.test_context_builder_chunked" name="test_configure_logging" time="0.001" /><testcase classname="tests.generated.test_context_builder_chunked" name="test_artifacts_directory" time="0.005" /><testcase classname="tests.generated.test_context_builder_chunked" name="test_logging_configuration" time="0.001" /><testcase classname="tests.generated.test_context_builder_chunked" name="test_logging_output" time="0.001" /><testcase classname="tests.generated.test_context_builder_chunked" name="test_root_directory" time="0.000" /><testcase classname="tests.generated.test_context_builder_chunked" name="test_log_message" time="0.001" /><testcase classname="tests.generated.test_context_builder_v2" name="test_build_llm_context" time="245.689" /><testcase classname="tests.generated.test_context_builder_v2" name="test_summarize_repo" time="114.779" /><testcase classname="tests.generated.test_context_builder_v2" name="test_extract_python_surface" time="23.225" /><testcase classname="tests.generated.test_context_builder_v2" name="test_context_file_creation" time="259.000" /><testcase classname="tests.generated.test_mvp_generated" name="test_basic_functionality" time="0.000" /><testcase classname="tests.generated.test_mvp_generated" name="test_simple_math" time="0.001" /><testcase classname="tests.generated.test_mvp_generated" name="test_user_validation" time="0.001" /><testcase classname="tests.generated.test_mvp_generated" name="test_api_endpoints" time="0.000" /><testcase classname="tests.generated.test_mvp_generated" name="test_email_validation" time="0.000" /><testcase classname="tests.generated.test_mvp_generated" name="test_user_creation" time="0.000" /><testcase classname="tests.generated.test_mvp_generated" name="test_data_persistence" time="0.000" /><testcase classname="tests.generated.test_mvp_generated" name="test_calculate_sum" time="0.000" /><testcase classname="tests.generated.test_mvp_generated" name="test_validate_email_basic" time="0.000" /><testcase classname="tests.generated.test_mvp_generated" name="test_validate_email_edge_cases" time="0.000" /><testcase classname="tests.generated.test_mvp_generated" name="test_calculate_sum_basic" time="0.000" /><testcase classname="tests.generated.test_mvp_generated" name="test_calculate_sum_edge_cases" time="0.001" /><testcase classname="tests.generated.test_mvp_generated_fixed" name="test_basic_functionality" time="0.000" /><testcase classname="tests.generated.test_mvp_generated_fixed" name="test_simple_math" time="0.000" /><testcase classname="tests.generated.test_mvp_generated_fixed" name="test_string_operations" time="0.000" /><testcase classname="tests.generated.test_mvp_generated_fixed" name="test_list_operations" time="0.000" /><testcase classname="tests.generated.test_platform_functionality" name="test_basic_functionality" time="0.000" /><testcase classname="tests.generated.test_platform_functionality" name="test_simple_math" time="0.000" /><testcase classname="tests.generated.test_platform_functionality" name="test_string_operations" time="0.000" /><testcase classname="tests.generated.test_platform_functionality" name="test_list_operations" time="0.000" /><testcase classname="tests.generated.test_platform_functionality" name="test_dict_operations" time="0.001" /><testcase classname="tests.generated.test_platform_functionality" name="test_file_path_operations" time="0.001" /><testcase classname="tests.generated.test_platform_functionality" name="test_json_operations" time="0.001" /><testcase classname="tests.generated.test_platform_functionality" name="test_parametrized_double[1-2]" time="0.001" /><testcase classname="tests.generated.test_platform_functionality" name="test_parametrized_double[2-4]" time="0.001" /><testcase classname="tests.generated.test_platform_functionality" name="test_parametrized_double[3-6]" time="0.001" /><testcase classname="tests.generated.test_platform_functionality" name="test_parametrized_double[4-8]" time="0.001" /><testcase classname="tests.generated.test_platform_functionality" name="test_exception_handling" time="0.001" /><testcase classname="tests.generated.test_platform_functionality" name="test_platform_specific_functionality" time="0.002" /><testcase classname="tests.generated.test_simple_generated" name="test_basic_functionality" time="0.001" /><testcase classname="tests.generated.test_simple_generated" name="test_sample_math" time="0.001" /><testcase classname="tests.generated.test_simple_generated" name="test_string_operations" time="0.001" /><testcase classname="tests.generated_by_llm.test_code_analyzer_generated" name="test_analyze_function_for_testing" time="0.003"><failure message="AssertionError: assert {'edge_cases'...ers': [], ...} == {'edge_cases'...ons': [], ...}&#10;  &#10;  Omitting 3 identical items, use -vv to show&#10;  Differing items:&#10;  {'return_type': None} != {'return_type': 'int'}&#10;  {'parameters': []} != {'parameters': ['a', 'b']}&#10;  {'validation_checks': []} != {'validation_checks': ['isinstance check found']}&#10;  {'test_recommendations': ['Test with typical valid inputs']} != {'test_recommendations': []}...&#10;  &#10;  ...Full output truncated (27 lines hidden), use '-vv' to show">tests/generated_by_llm/test_code_analyzer_generated.py:22: in test_analyze_function_for_testing
    assert result == expected_output
E   AssertionError: assert {'edge_cases'...ers': [], ...} == {'edge_cases'...ons': [], ...}
E     
E     Omitting 3 identical items, use -vv to show
E     Differing items:
E     {'return_type': None} != {'return_type': 'int'}
E     {'parameters': []} != {'parameters': ['a', 'b']}
E     {'validation_checks': []} != {'validation_checks': ['isinstance check found']}
E     {'test_recommendations': ['Test with typical valid inputs']} != {'test_recommendations': []}...
E     
E     ...Full output truncated (27 lines hidden), use '-vv' to show</failure></testcase><testcase classname="tests.generated_by_llm.test_code_analyzer_generated" name="test_analyze_python_file" time="0.001" /><testcase classname="tests.generated_by_llm.test_code_analyzer_generated" name="test_generate_test_guidance" time="0.001" /><testcase classname="tests.unit.test_basic" name="test_stack_detection" time="0.128" /><testcase classname="tests.unit.test_basic" name="test_imports" time="0.001" /></testsuite></testsuites>